11:40:42 **** Clean-only build of configuration Debug for project 3_gpio_input ****
make -j16 clean 
rm -rf ./Startup/startup_stm32l476rgtx.d ./Startup/startup_stm32l476rgtx.o
rm -rf ./Src/main.cyclo ./Src/main.d ./Src/main.o ./Src/main.su ./Src/syscalls.cyclo ./Src/syscalls.d ./Src/syscalls.o ./Src/syscalls.su ./Src/sysmem.cyclo ./Src/sysmem.d ./Src/sysmem.o ./Src/sysmem.su
rm -rf 3_gpio_input.elf 3_gpio_input.list 3_gpio_input.map default.size.stdout
 
11:40:42 **** Incremental Build of configuration Debug for project 3_gpio_input ****
make -j16 all 
arm-none-eabi-gcc -mcpu=cortex-m4 -g3 -DDEBUG -c -x assembler-with-cpp -MMD -MP -MF"Startup/startup_stm32l476rgtx.d" -MT"Startup/startup_stm32l476rgtx.o" --specs=nano.specs -mfpu=fpv4-sp-d16 -mfloat-abi=hard -mthumb -o "Startup/startup_stm32l476rgtx.o" "../Startup/startup_stm32l476rgtx.s"
arm-none-eabi-gcc "../Src/main.c" -mcpu=cortex-m4 -std=gnu11 -g3 -DDEBUG -DSTM32L4 -DSTM32 -DSTM32L476RGTx -DSTM32L476xx -c -I../Inc -I/home/hkim/Documentos/STM32L476-Workspace/chip-header/CMSIS/Device/ST/STM32L4xx/Include -I/home/hkim/Documentos/STM32L476-Workspace/chip-header/CMSIS/Include -O0 -ffunction-sections -fdata-sections -Wall -fstack-usage -fcyclomatic-complexity -MMD -MP -MF"Src/main.d" -MT"Src/main.o" --specs=nano.specs -mfpu=fpv4-sp-d16 -mfloat-abi=hard -mthumb -o "Src/main.o"
arm-none-eabi-gcc "../Src/syscalls.c" -mcpu=cortex-m4 -std=gnu11 -g3 -DDEBUG -DSTM32L4 -DSTM32 -DSTM32L476RGTx -DSTM32L476xx -c -I../Inc -I/home/hkim/Documentos/STM32L476-Workspace/chip-header/CMSIS/Device/ST/STM32L4xx/Include -I/home/hkim/Documentos/STM32L476-Workspace/chip-header/CMSIS/Include -O0 -ffunction-sections -fdata-sections -Wall -fstack-usage -fcyclomatic-complexity -MMD -MP -MF"Src/syscalls.d" -MT"Src/syscalls.o" --specs=nano.specs -mfpu=fpv4-sp-d16 -mfloat-abi=hard -mthumb -o "Src/syscalls.o"
arm-none-eabi-gcc "../Src/sysmem.c" -mcpu=cortex-m4 -std=gnu11 -g3 -DDEBUG -DSTM32L4 -DSTM32 -DSTM32L476RGTx -DSTM32L476xx -c -I../Inc -I/home/hkim/Documentos/STM32L476-Workspace/chip-header/CMSIS/Device/ST/STM32L4xx/Include -I/home/hkim/Documentos/STM32L476-Workspace/chip-header/CMSIS/Include -O0 -ffunction-sections -fdata-sections -Wall -fstack-usage -fcyclomatic-complexity -MMD -MP -MF"Src/sysmem.d" -MT"Src/sysmem.o" --specs=nano.specs -mfpu=fpv4-sp-d16 -mfloat-abi=hard -mthumb -o "Src/sysmem.o"
arm-none-eabi-gcc -o "3_gpio_input.elf" @"objects.list"   -mcpu=cortex-m4 -T"/home/hkim/Documentos/STM32L476-Workspace/3_gpio_input/STM32L476RGTX_FLASH.ld" --specs=nosys.specs -Wl,-Map="3_gpio_input.map" -Wl,--gc-sections -static --specs=nano.specs -mfpu=fpv4-sp-d16 -mfloat-abi=hard -mthumb -Wl,--start-group -lc -lm -Wl,--end-group
Finished building target: 3_gpio_input.elf
 
arm-none-eabi-size   3_gpio_input.elf 
arm-none-eabi-objdump -h -S  3_gpio_input.elf  > "3_gpio_input.list"
   text	   data	    bss	    dec	    hex	filename
    764	      8	   1568	   2340	    924	3_gpio_input.elf
Finished building: default.size.stdout
 
Finished building: 3_gpio_input.list
 
11:40:44 **** Clean-only build of configuration Debug for project 3_gpio_input ****
make -j16 clean 
rm -rf ./Startup/startup_stm32l476rgtx.d ./Startup/startup_stm32l476rgtx.o
rm -rf ./Src/main.cyclo ./Src/main.d ./Src/main.o ./Src/main.su ./Src/syscalls.cyclo ./Src/syscalls.d ./Src/syscalls.o ./Src/syscalls.su ./Src/sysmem.cyclo ./Src/sysmem.d ./Src/sysmem.o ./Src/sysmem.su
rm -rf 3_gpio_input.elf 3_gpio_input.list 3_gpio_input.map default.size.stdout
 
11:40:44 **** Incremental Build of configuration Debug for project 3_gpio_input ****
make -j16 all 
arm-none-eabi-gcc -mcpu=cortex-m4 -g3 -DDEBUG -c -x assembler-with-cpp -MMD -MP -MF"Startup/startup_stm32l476rgtx.d" -MT"Startup/startup_stm32l476rgtx.o" --specs=nano.specs -mfpu=fpv4-sp-d16 -mfloat-abi=hard -mthumb -o "Startup/startup_stm32l476rgtx.o" "../Startup/startup_stm32l476rgtx.s"
arm-none-eabi-gcc "../Src/main.c" -mcpu=cortex-m4 -std=gnu11 -g3 -DDEBUG -DSTM32L4 -DSTM32 -DSTM32L476RGTx -DSTM32L476xx -c -I../Inc -I/home/hkim/Documentos/STM32L476-Workspace/chip-header/CMSIS/Device/ST/STM32L4xx/Include -I/home/hkim/Documentos/STM32L476-Workspace/chip-header/CMSIS/Include -O0 -ffunction-sections -fdata-sections -Wall -fstack-usage -fcyclomatic-complexity -MMD -MP -MF"Src/main.d" -MT"Src/main.o" --specs=nano.specs -mfpu=fpv4-sp-d16 -mfloat-abi=hard -mthumb -o "Src/main.o"
arm-none-eabi-gcc "../Src/syscalls.c" -mcpu=cortex-m4 -std=gnu11 -g3 -DDEBUG -DSTM32L4 -DSTM32 -DSTM32L476RGTx -DSTM32L476xx -c -I../Inc -I/home/hkim/Documentos/STM32L476-Workspace/chip-header/CMSIS/Device/ST/STM32L4xx/Include -I/home/hkim/Documentos/STM32L476-Workspace/chip-header/CMSIS/Include -O0 -ffunction-sections -fdata-sections -Wall -fstack-usage -fcyclomatic-complexity -MMD -MP -MF"Src/syscalls.d" -MT"Src/syscalls.o" --specs=nano.specs -mfpu=fpv4-sp-d16 -mfloat-abi=hard -mthumb -o "Src/syscalls.o"
arm-none-eabi-gcc "../Src/sysmem.c" -mcpu=cortex-m4 -std=gnu11 -g3 -DDEBUG -DSTM32L4 -DSTM32 -DSTM32L476RGTx -DSTM32L476xx -c -I../Inc -I/home/hkim/Documentos/STM32L476-Workspace/chip-header/CMSIS/Device/ST/STM32L4xx/Include -I/home/hkim/Documentos/STM32L476-Workspace/chip-header/CMSIS/Include -O0 -ffunction-sections -fdata-sections -Wall -fstack-usage -fcyclomatic-complexity -MMD -MP -MF"Src/sysmem.d" -MT"Src/sysmem.o" --specs=nano.specs -mfpu=fpv4-sp-d16 -mfloat-abi=hard -mthumb -o "Src/sysmem.o"
arm-none-eabi-gcc -o "3_gpio_input.elf" @"objects.list"   -mcpu=cortex-m4 -T"/home/hkim/Documentos/STM32L476-Workspace/3_gpio_input/STM32L476RGTX_FLASH.ld" --specs=nosys.specs -Wl,-Map="3_gpio_input.map" -Wl,--gc-sections -static --specs=nano.specs -mfpu=fpv4-sp-d16 -mfloat-abi=hard -mthumb -Wl,--start-group -lc -lm -Wl,--end-group
Finished building target: 3_gpio_input.elf
 
arm-none-eabi-size   3_gpio_input.elf 
arm-none-eabi-objdump -h -S  3_gpio_input.elf  > "3_gpio_input.list"
   text	   data	    bss	    dec	    hex	filename
    764	      8	   1568	   2340	    924	3_gpio_input.elf
Finished building: default.size.stdout
 
Finished building: 3_gpio_input.list
 
